<?xml version="1.0" encoding="UTF-8"?>
<TestRun id="4fe24db1-4b5f-4466-9ef7-69dd66cabb24" name="Administrator@SHAREPOINT 2009-10-01 15:13:24" runUser="PRESENTLY\Administrator" xmlns="http://microsoft.com/schemas/VisualStudio/TeamTest/2006">
  <TestRunConfiguration name="Local Test Run" id="5e53431e-dd66-4fb7-afc2-7ff1996d5f6a">
    <Description>This is a default test run configuration for a local test run.</Description>
    <Deployment runDeploymentRoot="C:\Documents and Settings\Administrator\My Documents\Visual Studio 2008\Projects\WebPart1\TestResults\Administrator_SHAREPOINT 2009-10-01 15_13_24">
      <DeploymentItem filename="C:\Documents and Settings\Administrator\My Documents\Visual Studio 2008\Projects\WebPart1\WebPart1\bin\Debug\WebPart1.dll" />
    </Deployment>
    <TestTypeSpecific />
  </TestRunConfiguration>
  <ResultSummary outcome="Completed">
    <Counters total="3" executed="3" passed="3" error="0" failed="0" timeout="0" aborted="0" inconclusive="0" passedButRunAborted="0" notRunnable="0" notExecuted="0" disconnected="0" warning="0" completed="0" inProgress="0" pending="0" />
  </ResultSummary>
  <Times creation="2009-10-01T15:13:24.5781250-05:00" queuing="2009-10-01T15:13:26.5468750-05:00" start="2009-10-01T15:13:27.2656250-05:00" finish="2009-10-01T15:16:06.2031250-05:00" />
  <TestDefinitions>
    <UnitTest name="TestGetTweetsWithoutSettings" storage="c:\documents and settings\administrator\my documents\visual studio 2008\projects\webpart1\twittertest\bin\debug\twittertest.dll" id="d432fb7b-c15d-1e83-6e03-8fc0d9f13ab8">
      <Css projectStructure="" iteration="" />
      <Owners>
        <Owner name="" />
      </Owners>
      <Execution id="16b93872-7d42-4950-abe3-608728408e5f" />
      <TestMethod codeBase="C:\Documents and Settings\Administrator\My Documents\Visual Studio 2008\Projects\WebPart1\TwitterTest\bin\Debug\TwitterTest.dll" adapterTypeName="Microsoft.VisualStudio.TestTools.TestTypes.Unit.UnitTestAdapter, Microsoft.VisualStudio.QualityTools.Tips.UnitTest.Adapter, Version=9.0.0.0, Culture=neutral, PublicKeyToken=b03f5f7f11d50a3a" className="TwitterTest.TwitterServiceTest, TwitterTest" name="TestGetTweetsWithoutSettings" />
    </UnitTest>
    <UnitTest name="TestGetTweets" storage="c:\documents and settings\administrator\my documents\visual studio 2008\projects\webpart1\twittertest\bin\debug\twittertest.dll" id="3bd4fa63-cc17-eab2-6de9-7f5dc0a8e155">
      <Css projectStructure="" iteration="" />
      <Owners>
        <Owner name="" />
      </Owners>
      <Execution id="0eaf7219-1453-4339-811d-9494904347d3" />
      <TestMethod codeBase="C:\Documents and Settings\Administrator\My Documents\Visual Studio 2008\Projects\WebPart1\TwitterTest\bin\Debug\TwitterTest.dll" adapterTypeName="Microsoft.VisualStudio.TestTools.TestTypes.Unit.UnitTestAdapter, Microsoft.VisualStudio.QualityTools.Tips.UnitTest.Adapter, Version=9.0.0.0, Culture=neutral, PublicKeyToken=b03f5f7f11d50a3a" className="TwitterTest.TwitterServiceTest, TwitterTest" name="TestGetTweets" />
    </UnitTest>
    <UnitTest name="TestSendTweets" storage="c:\documents and settings\administrator\my documents\visual studio 2008\projects\webpart1\twittertest\bin\debug\twittertest.dll" id="9f96dc3e-b776-a96e-10fc-a0a5ac6e3b4b">
      <Css projectStructure="" iteration="" />
      <Owners>
        <Owner name="" />
      </Owners>
      <Execution id="ab556d34-cbd6-4187-b52d-825ed2162a0f" />
      <TestMethod codeBase="C:\Documents and Settings\Administrator\My Documents\Visual Studio 2008\Projects\WebPart1\TwitterTest\bin\Debug\TwitterTest.dll" adapterTypeName="Microsoft.VisualStudio.TestTools.TestTypes.Unit.UnitTestAdapter, Microsoft.VisualStudio.QualityTools.Tips.UnitTest.Adapter, Version=9.0.0.0, Culture=neutral, PublicKeyToken=b03f5f7f11d50a3a" className="TwitterTest.TwitterServiceTest, TwitterTest" name="TestSendTweets" />
    </UnitTest>
  </TestDefinitions>
  <TestLists>
    <TestList name="Results Not in a List" id="8c84fa94-04c1-424b-9868-57a2d4851a1d" />
    <TestList name="All Loaded Results" id="19431567-8539-422a-85d7-44ee4e166bda" />
  </TestLists>
  <TestEntries>
    <TestEntry testId="3bd4fa63-cc17-eab2-6de9-7f5dc0a8e155" executionId="0eaf7219-1453-4339-811d-9494904347d3" testListId="8c84fa94-04c1-424b-9868-57a2d4851a1d" />
    <TestEntry testId="9f96dc3e-b776-a96e-10fc-a0a5ac6e3b4b" executionId="ab556d34-cbd6-4187-b52d-825ed2162a0f" testListId="8c84fa94-04c1-424b-9868-57a2d4851a1d" />
    <TestEntry testId="d432fb7b-c15d-1e83-6e03-8fc0d9f13ab8" executionId="16b93872-7d42-4950-abe3-608728408e5f" testListId="8c84fa94-04c1-424b-9868-57a2d4851a1d" />
  </TestEntries>
  <Results>
    <UnitTestResult executionId="0eaf7219-1453-4339-811d-9494904347d3" testId="3bd4fa63-cc17-eab2-6de9-7f5dc0a8e155" testName="TestGetTweets" computerName="SHAREPOINT" duration="00:00:09.7099279" startTime="2009-10-01T15:13:27.4062500-05:00" endTime="2009-10-01T15:13:37.7812500-05:00" testType="13cdc9d9-ddb5-4fa4-a97d-d965ccfc6d4b" outcome="Passed" testListId="8c84fa94-04c1-424b-9868-57a2d4851a1d">
      <Output>
      </Output>
    </UnitTestResult>
    <UnitTestResult executionId="ab556d34-cbd6-4187-b52d-825ed2162a0f" testId="9f96dc3e-b776-a96e-10fc-a0a5ac6e3b4b" testName="TestSendTweets" computerName="SHAREPOINT" duration="00:02:28.0263885" startTime="2009-10-01T15:13:37.7968750-05:00" endTime="2009-10-01T15:16:05.8437500-05:00" testType="13cdc9d9-ddb5-4fa4-a97d-d965ccfc6d4b" outcome="Passed" testListId="8c84fa94-04c1-424b-9868-57a2d4851a1d">
      <Output>
      </Output>
    </UnitTestResult>
    <UnitTestResult executionId="16b93872-7d42-4950-abe3-608728408e5f" testId="d432fb7b-c15d-1e83-6e03-8fc0d9f13ab8" testName="TestGetTweetsWithoutSettings" computerName="SHAREPOINT" duration="00:00:00.0005743" startTime="2009-10-01T15:16:05.8750000-05:00" endTime="2009-10-01T15:16:05.9062500-05:00" testType="13cdc9d9-ddb5-4fa4-a97d-d965ccfc6d4b" outcome="Passed" testListId="8c84fa94-04c1-424b-9868-57a2d4851a1d">
      <Output>
      </Output>
    </UnitTestResult>
  </Results>
</TestRun>